### BTest baseline data generated by btest-diff. Do not edit. Use "btest -U/-u" to update. Requires BTest >= 0.63.
{"type":"data-message","topic":"/test","@data-type":"count","data":1}
{"type":"data-message","topic":"/test","@data-type":"count","data":2}
{"type":"data-message","topic":"/test","@data-type":"count","data":3}
{"type":"data-message","topic":"/test","@data-type":"count","data":4}
{"type":"data-message","topic":"/test","@data-type":"count","data":5}
{"type":"data-message","topic":"/test","@data-type":"count","data":6}
{"type":"data-message","topic":"/test","@data-type":"count","data":7}
{"type":"data-message","topic":"/test","@data-type":"count","data":8}
{"type":"data-message","topic":"/test","@data-type":"count","data":9}
{"type":"data-message","topic":"/test","@data-type":"count","data":10}
